// Jest Snapshot v1, https://goo.gl/fbAQLP

exports[`shou;d render individual expense itme 1`] = `
<div>
  <Link
    replace={false}
    to="/edit/1"
  >
    <h3>
      Book
    </h3>
  </Link>
  <p>
    25,000 Rials
    --
    January 1st, 1970
  </p>
</div>
`;
