// Jest Snapshot v1, https://goo.gl/fbAQLP

exports[`should render expenses summary correctly 1`] = `
<div>
  <h3>
    Viewing 2 expenses totalling 30,000 Rials
  </h3>
</div>
`;
