// Jest Snapshot v1, https://goo.gl/fbAQLP

exports[`should render expenses list 1`] = `
<div>
  <ExpenseListItem
    expense={
      Object {
        "amount": 25000,
        "createdAt": 0,
        "description": "Book",
        "id": "1",
        "note": "",
      }
    }
    key="1"
  />
  <ExpenseListItem
    expense={
      Object {
        "amount": 4000,
        "createdAt": -345600000,
        "description": "Gums",
        "id": "2",
        "note": "",
      }
    }
    key="2"
  />
  <ExpenseListItem
    expense={
      Object {
        "amount": 80000,
        "createdAt": 345600000,
        "description": "Clothes",
        "id": "3",
        "note": "",
      }
    }
    key="3"
  />
</div>
`;

exports[`should render expenses list with no expenses 1`] = `
<div>
  <p>
    No expenses
  </p>
</div>
`;
